[security] La sesión HTTP usa cookie HttpOnly. Si publicás el sistema por HTTPS, activá COOKIE_SECURE=true.
[process] Uncaught Exception: error: terminando la conexión debido a una orden del administrador
    at parseErrorMessage (C:\Users\usuario\Documents\Sistema Gestion TESLA\Sistema-gestion-tesla\erp-tesla\backend\node_modules\pg-protocol\dist\parser.js:305:11)
    at Parser.handlePacket (C:\Users\usuario\Documents\Sistema Gestion TESLA\Sistema-gestion-tesla\erp-tesla\backend\node_modules\pg-protocol\dist\parser.js:143:27)
    at Parser.parse (C:\Users\usuario\Documents\Sistema Gestion TESLA\Sistema-gestion-tesla\erp-tesla\backend\node_modules\pg-protocol\dist\parser.js:37:38)
    at Socket.<anonymous> (C:\Users\usuario\Documents\Sistema Gestion TESLA\Sistema-gestion-tesla\erp-tesla\backend\node_modules\pg-protocol\dist\index.js:11:42)
    at Socket.emit (node:events:508:28)
    at addChunk (node:internal/streams/readable:563:12)
    at readableAddChunkPushByteMode (node:internal/streams/readable:514:3)
    at Readable.push (node:internal/streams/readable:394:5)
    at TCP.onStreamRead (node:internal/stream_base_commons:189:23)
[process] Uncaught Exception: error: terminando la conexión debido a una orden del administrador
    at parseErrorMessage (C:\Users\usuario\Documents\Sistema Gestion TESLA\Sistema-gestion-tesla\erp-tesla\backend\node_modules\pg-protocol\dist\parser.js:305:11)
    at Parser.handlePacket (C:\Users\usuario\Documents\Sistema Gestion TESLA\Sistema-gestion-tesla\erp-tesla\backend\node_modules\pg-protocol\dist\parser.js:143:27)
    at Parser.parse (C:\Users\usuario\Documents\Sistema Gestion TESLA\Sistema-gestion-tesla\erp-tesla\backend\node_modules\pg-protocol\dist\parser.js:37:38)
    at Socket.<anonymous> (C:\Users\usuario\Documents\Sistema Gestion TESLA\Sistema-gestion-tesla\erp-tesla\backend\node_modules\pg-protocol\dist\index.js:11:42)
    at Socket.emit (node:events:508:28)
    at addChunk (node:internal/streams/readable:563:12)
    at readableAddChunkPushByteMode (node:internal/streams/readable:514:3)
    at Readable.push (node:internal/streams/readable:394:5)
    at TCP.onStreamRead (node:internal/stream_base_commons:189:23)
[process] Uncaught Exception: error: terminando la conexión debido a una orden del administrador
    at parseErrorMessage (C:\Users\usuario\Documents\Sistema Gestion TESLA\Sistema-gestion-tesla\erp-tesla\backend\node_modules\pg-protocol\dist\parser.js:305:11)
    at Parser.handlePacket (C:\Users\usuario\Documents\Sistema Gestion TESLA\Sistema-gestion-tesla\erp-tesla\backend\node_modules\pg-protocol\dist\parser.js:143:27)
    at Parser.parse (C:\Users\usuario\Documents\Sistema Gestion TESLA\Sistema-gestion-tesla\erp-tesla\backend\node_modules\pg-protocol\dist\parser.js:37:38)
    at Socket.<anonymous> (C:\Users\usuario\Documents\Sistema Gestion TESLA\Sistema-gestion-tesla\erp-tesla\backend\node_modules\pg-protocol\dist\index.js:11:42)
    at Socket.emit (node:events:508:28)
    at addChunk (node:internal/streams/readable:563:12)
    at readableAddChunkPushByteMode (node:internal/streams/readable:514:3)
    at Readable.push (node:internal/streams/readable:394:5)
    at TCP.onStreamRead (node:internal/stream_base_commons:189:23)
[process] Uncaught Exception: error: terminando la conexión debido a una orden del administrador
    at parseErrorMessage (C:\Users\usuario\Documents\Sistema Gestion TESLA\Sistema-gestion-tesla\erp-tesla\backend\node_modules\pg-protocol\dist\parser.js:305:11)
    at Parser.handlePacket (C:\Users\usuario\Documents\Sistema Gestion TESLA\Sistema-gestion-tesla\erp-tesla\backend\node_modules\pg-protocol\dist\parser.js:143:27)
    at Parser.parse (C:\Users\usuario\Documents\Sistema Gestion TESLA\Sistema-gestion-tesla\erp-tesla\backend\node_modules\pg-protocol\dist\parser.js:37:38)
    at Socket.<anonymous> (C:\Users\usuario\Documents\Sistema Gestion TESLA\Sistema-gestion-tesla\erp-tesla\backend\node_modules\pg-protocol\dist\index.js:11:42)
    at Socket.emit (node:events:508:28)
    at addChunk (node:internal/streams/readable:563:12)
    at readableAddChunkPushByteMode (node:internal/streams/readable:514:3)
    at Readable.push (node:internal/streams/readable:394:5)
    at TCP.onStreamRead (node:internal/stream_base_commons:189:23)
[process] Uncaught Exception: error: terminando la conexión debido a una orden del administrador
    at parseErrorMessage (C:\Users\usuario\Documents\Sistema Gestion TESLA\Sistema-gestion-tesla\erp-tesla\backend\node_modules\pg-protocol\dist\parser.js:305:11)
    at Parser.handlePacket (C:\Users\usuario\Documents\Sistema Gestion TESLA\Sistema-gestion-tesla\erp-tesla\backend\node_modules\pg-protocol\dist\parser.js:143:27)
    at Parser.parse (C:\Users\usuario\Documents\Sistema Gestion TESLA\Sistema-gestion-tesla\erp-tesla\backend\node_modules\pg-protocol\dist\parser.js:37:38)
    at Socket.<anonymous> (C:\Users\usuario\Documents\Sistema Gestion TESLA\Sistema-gestion-tesla\erp-tesla\backend\node_modules\pg-protocol\dist\index.js:11:42)
    at Socket.emit (node:events:508:28)
    at addChunk (node:internal/streams/readable:563:12)
    at readableAddChunkPushByteMode (node:internal/streams/readable:514:3)
    at Readable.push (node:internal/streams/readable:394:5)
    at TCP.onStreamRead (node:internal/stream_base_commons:189:23)
